// Jest Snapshot v1, https://goo.gl/fbAQLP

exports[`UserMedia basic 1`] = `
<div>
  <div
    class="flex flexDirection-row row-toTop"
  >
    <span
      class="ant-avatar ant-avatar-square ant-avatar-image"
      style="width: 54px; height: 54px; line-height: 54px; font-size: 18px;"
    >
      <img
        src="test-file-stub"
      />
    </span>
    <div
      class="flex-1 ml-12"
    />
  </div>
</div>
`;
