// Jest Snapshot v1, https://goo.gl/fbAQLP

exports[`admin/users index 1`] = `
[MockFunction] {
  "calls": Array [
    Array [
      Object {
        "method": "get",
        "url": "?parentId=0",
      },
    ],
    Array [
      Object {
        "loading": true,
        "method": "get",
        "params": Object {
          "limit": 500,
        },
        "url": "/api/admin/consts/sexConst-sex",
      },
    ],
    Array [
      Object {
        "method": "get",
        "url": "/api/admin/users?page=1&limit=20",
      },
    ],
  ],
  "results": Array [
    Object {
      "type": "return",
      "value": Promise {
        "reject": [Function],
        "resolve": [Function],
      },
    },
    Object {
      "type": "return",
      "value": Promise {
        "reject": [Function],
        "resolve": [Function],
      },
    },
    Object {
      "type": "return",
      "value": Promise {
        "reject": [Function],
        "resolve": [Function],
      },
    },
  ],
}
`;
